2026-09-12 12:49:52.326   Log opened. (Time zone: UTC-07:00)
2026-09-12 12:49:52.326   Setup version: Inno Setup version 6.7.1
2026-09-12 12:49:52.326   Original Setup EXE: C:\Users\CMSoluciones\Documents\ARBOL\installer\arbol_by_klik_installer.exe
2026-09-12 12:49:52.326   Setup command line: /SL5="$A128C,13996080,893952,C:\Users\CMSoluciones\Documents\ARBOL\installer\arbol_by_klik_installer.exe" /VERYSILENT /SUPPRESSMSGBOXES /NORESTART /SP- /DIR=C:\Users\CMSoluciones\AppData\Local\ARBOL_BY_KLIK_TEST /LOG=C:\Users\CMSoluciones\Documents\ARBOL\diagnostics\20260912_124920\inno_install.log 
2026-09-12 12:49:52.326   Windows version: 10.0.26200
2026-09-12 12:49:52.326   Windows architecture: x64 (64-bit)
2026-09-12 12:49:52.326   Machine types supported by system: x86 x64
2026-09-12 12:49:52.326   User privileges: None
2026-09-12 12:49:52.329   Administrative install mode: No
2026-09-12 12:49:52.329   Install mode root key: HKEY_CURRENT_USER
2026-09-12 12:49:52.329   64-bit install mode: Yes
2026-09-12 12:49:52.329   RedirectionGuard status for current process: Enabled in enforcing mode
2026-09-12 12:49:52.330   Created temporary directory: C:\Users\CMSOLU~1\AppData\Local\Temp\is-3D1IBCZZWG.tmp
2026-09-12 12:49:52.476   Found 10 files to register with RestartManager.
2026-09-12 12:49:52.476   Calling RestartManager's RmGetList.
2026-09-12 12:49:52.486   RmGetList finished successfully.
2026-09-12 12:49:52.486   RestartManager found no applications using one of our files.
2026-09-12 12:49:52.494   Starting the installation process.
2026-09-12 12:49:52.497   Creating directory: C:\Users\CMSoluciones\AppData\Local\ARBOL_BY_KLIK_TEST
2026-09-12 12:49:52.497   Creating directory: C:\Users\CMSoluciones\AppData\Local\ARBOL_BY_KLIK_TEST\blob_store
2026-09-12 12:49:52.498   Creating directory: C:\Users\CMSoluciones\AppData\Local\ARBOL_BY_KLIK_TEST\blob_store\photos
2026-09-12 12:49:52.498   Creating directory: C:\Users\CMSoluciones\AppData\Local\ARBOL_BY_KLIK_TEST\data
2026-09-12 12:49:52.498   Creating directory: C:\Users\CMSoluciones\AppData\Local\ARBOL_BY_KLIK_TEST\backups
2026-09-12 12:49:52.498   Creating directory: C:\Users\CMSoluciones\AppData\Local\ARBOL_BY_KLIK_TEST\logs
2026-09-12 12:49:52.499   Creating directory: C:\Users\CMSoluciones\AppData\Local\ARBOL_BY_KLIK_TEST\tmp
2026-09-12 12:49:52.499   Directory for uninstall files: C:\Users\CMSoluciones\AppData\Local\ARBOL_BY_KLIK_TEST
2026-09-12 12:49:52.499   Creating new uninstall log: C:\Users\CMSoluciones\AppData\Local\ARBOL_BY_KLIK_TEST\unins000.dat
2026-09-12 12:49:52.502   -- File entry --
2026-09-12 12:49:52.502   Dest filename: C:\Users\CMSoluciones\AppData\Local\ARBOL_BY_KLIK_TEST\unins000.exe
2026-09-12 12:49:52.502   Non-default bitness: 32-bit
2026-09-12 12:49:52.513   Time stamp of our file: 2026-09-12 12:49:52.012
2026-09-12 12:49:52.513   Installing the file.
2026-09-12 12:49:52.522   Successfully installed the file.
2026-09-12 12:49:52.523   -- File entry --
2026-09-12 12:49:52.523   Dest filename: C:\Users\CMSoluciones\AppData\Local\ARBOL_BY_KLIK_TEST\ARBOL-by-KLIK.exe
2026-09-12 12:49:52.523   Time stamp of our file: 2026-09-12 12:49:30.000
2026-09-12 12:49:52.523   Installing the file.
2026-09-12 12:49:52.765   Successfully installed the file.
2026-09-12 12:49:52.765   -- File entry --
2026-09-12 12:49:52.765   Dest filename: C:\Users\CMSoluciones\AppData\Local\ARBOL_BY_KLIK_TEST\backups\arbol_dev.db
2026-09-12 12:49:52.765   Time stamp of our file: 2026-09-12 06:42:18.000
2026-09-12 12:49:52.765   Installing the file.
2026-09-12 12:49:52.767   Successfully installed the file.
2026-09-12 12:49:52.767   -- File entry --
2026-09-12 12:49:52.767   Dest filename: C:\Users\CMSoluciones\AppData\Local\ARBOL_BY_KLIK_TEST\bin\audit.exe
2026-09-12 12:49:52.768   Time stamp of our file: 2026-09-12 12:49:24.000
2026-09-12 12:49:52.768   Installing the file.
2026-09-12 12:49:52.768   Creating directory: C:\Users\CMSoluciones\AppData\Local\ARBOL_BY_KLIK_TEST\bin
2026-09-12 12:49:52.826   Successfully installed the file.
2026-09-12 12:49:52.826   -- File entry --
2026-09-12 12:49:52.826   Dest filename: C:\Users\CMSoluciones\AppData\Local\ARBOL_BY_KLIK_TEST\bin\delivery.exe
2026-09-12 12:49:52.826   Time stamp of our file: 2026-09-12 12:49:24.000
2026-09-12 12:49:52.826   Installing the file.
2026-09-12 12:49:52.881   Successfully installed the file.
2026-09-12 12:49:52.881   -- File entry --
2026-09-12 12:49:52.881   Dest filename: C:\Users\CMSoluciones\AppData\Local\ARBOL_BY_KLIK_TEST\bin\gateway.exe
2026-09-12 12:49:52.881   Time stamp of our file: 2026-09-12 12:49:24.000
2026-09-12 12:49:52.881   Installing the file.
2026-09-12 12:49:53.099   Successfully installed the file.
2026-09-12 12:49:53.099   -- File entry --
2026-09-12 12:49:53.099   Dest filename: C:\Users\CMSoluciones\AppData\Local\ARBOL_BY_KLIK_TEST\bin\image.exe
2026-09-12 12:49:53.099   Time stamp of our file: 2026-09-12 12:49:24.000
2026-09-12 12:49:53.099   Installing the file.
2026-09-12 12:49:53.155   Successfully installed the file.
2026-09-12 12:49:53.155   -- File entry --
2026-09-12 12:49:53.155   Dest filename: C:\Users\CMSoluciones\AppData\Local\ARBOL_BY_KLIK_TEST\bin\reader.exe
2026-09-12 12:49:53.155   Time stamp of our file: 2026-09-12 12:49:24.000
2026-09-12 12:49:53.155   Installing the file.
2026-09-12 12:49:53.204   Successfully installed the file.
2026-09-12 12:49:53.204   -- File entry --
2026-09-12 12:49:53.204   Dest filename: C:\Users\CMSoluciones\AppData\Local\ARBOL_BY_KLIK_TEST\bin\result.exe
2026-09-12 12:49:53.204   Time stamp of our file: 2026-09-12 12:49:24.000
2026-09-12 12:49:53.204   Installing the file.
2026-09-12 12:49:53.254   Successfully installed the file.
2026-09-12 12:49:53.254   -- File entry --
2026-09-12 12:49:53.255   Dest filename: C:\Users\CMSoluciones\AppData\Local\ARBOL_BY_KLIK_TEST\bin\security.exe
2026-09-12 12:49:53.255   Time stamp of our file: 2026-09-12 12:49:26.000
2026-09-12 12:49:53.255   Installing the file.
2026-09-12 12:49:53.300   Successfully installed the file.
2026-09-12 12:49:53.300   -- File entry --
2026-09-12 12:49:53.300   Dest filename: C:\Users\CMSoluciones\AppData\Local\ARBOL_BY_KLIK_TEST\bin\storage.exe
2026-09-12 12:49:53.301   Time stamp of our file: 2026-09-12 12:49:26.000
2026-09-12 12:49:53.301   Installing the file.
2026-09-12 12:49:53.344   Successfully installed the file.
2026-09-12 12:49:53.344   -- File entry --
2026-09-12 12:49:53.345   Dest filename: C:\Users\CMSoluciones\AppData\Local\ARBOL_BY_KLIK_TEST\bin\study.exe
2026-09-12 12:49:53.345   Time stamp of our file: 2026-09-12 12:49:26.000
2026-09-12 12:49:53.345   Installing the file.
2026-09-12 12:49:53.408   Successfully installed the file.
2026-09-12 12:49:53.408   -- File entry --
2026-09-12 12:49:53.408   Dest filename: C:\Users\CMSoluciones\AppData\Local\ARBOL_BY_KLIK_TEST\package.json
2026-09-12 12:49:53.409   Time stamp of our file: 2026-09-12 10:44:00.000
2026-09-12 12:49:53.409   Installing the file.
2026-09-12 12:49:53.409   Successfully installed the file.
2026-09-12 12:49:53.410   -- Icon entry --
2026-09-12 12:49:53.410   Dest filename: C:\Users\CMSoluciones\AppData\Roaming\Microsoft\Windows\Start Menu\Programs\ÁRBOL by KLIK\ÁRBOL by KLIK.lnk
2026-09-12 12:49:53.412   Creating the icon.
2026-09-12 12:49:53.516   Successfully created the icon.
2026-09-12 12:49:53.534   -- Icon entry --
2026-09-12 12:49:53.534   Dest filename: C:\Users\CMSoluciones\Desktop\ÁRBOL by KLIK.lnk
2026-09-12 12:49:53.536   Creating the icon.
2026-09-12 12:49:53.541   Successfully created the icon.
2026-09-12 12:49:53.657   Saving uninstall information.
2026-09-12 12:49:53.657   Deleting uninstall key left over from previous non administrative install.
2026-09-12 12:49:53.657   Creating new uninstall key: HKEY_CURRENT_USER\Software\Microsoft\Windows\CurrentVersion\Uninstall\{A8E4939D-6B51-4E98-9A34-4B4C494B0001}_is1
2026-09-12 12:49:53.658   Writing uninstall key values.
2026-09-12 12:49:53.658   Detected previous administrative 64-bit install? Yes
2026-09-12 12:49:53.658   Detected previous administrative 32-bit install? No
2026-09-12 12:49:53.658   Marked uninstall display name to avoid duplicate entries. New display name: ÁRBOL by KLIK (Usuario actual)
2026-09-12 12:49:53.662   Installation process succeeded.
2026-09-12 12:49:53.663   Need to restart Windows? No
2026-09-12 12:49:53.667   Deinitializing Setup.
2026-09-12 12:49:53.678   Log closed.
